Selected asset(s): assets/minor_pyramid.json
Asset: assets/minor_pyramid.json, Longest Slide Down: 23